12:16:24.784 [main] WARN com.pinterest.ktlint.cli.internal.KtlintCommandLine -- Lint has found errors than can be autocorrected using 'ktlint --format'
{
  "$schema": "https://raw.githubusercontent.com/oasis-tcs/sarif-spec/master/Schemata/sarif-schema-2.1.0.json",
  "version": "2.1.0",
  "runs": [
    {
      "originalUriBaseIds": {
        "%SRCROOT%": {
          "uri": "file:///Users/ti/"
        }
      },
      "results": [
        {
          "level": "error",
          "locations": [
            {
              "physicalLocation": {
                "artifactLocation": {
                  "uri": "kt/Main.kt",
                  "uriBaseId": "%SRCROOT%"
                },
                "region": {
                  "startColumn": 1,
                  "startLine": 1
                }
              }
            }
          ],
          "message": {
            "text": "Wildcard import"
          },
          "ruleId": "standard:no-wildcard-imports"
        },
        {
          "level": "error",
          "locations": [
            {
              "physicalLocation": {
                "artifactLocation": {
                  "uri": "kt/Main.kt",
                  "uriBaseId": "%SRCROOT%"
                },
                "region": {
                  "startColumn": 1,
                  "startLine": 2
                }
              }
            }
          ],
          "message": {
            "text": "Expected a blank line for this declaration"
          },
          "ruleId": "standard:blank-line-before-declaration"
        },
        {
          "level": "error",
          "locations": [
            {
              "physicalLocation": {
                "artifactLocation": {
                  "uri": "kt/Main.kt",
                  "uriBaseId": "%SRCROOT%"
                },
                "region": {
                  "startColumn": 17,
                  "startLine": 5
                }
              }
            }
          ],
          "message": {
            "text": "Unexpected spacing before \")\""
          },
          "ruleId": "standard:paren-spacing"
        }
      ],
      "tool": {
        "driver": {
          "downloadUri": "https://github.com/pinterest/ktlint/releases/tag/1.8.0",
          "fullName": "ktlint",
          "informationUri": "https://github.com/pinterest/ktlint/",
          "language": "en",
          "name": "ktlint",
          "organization": "pinterest",
          "rules": [
          ],
          "semanticVersion": "1.8.0",
          "version": "1.8.0"
        }
      }
    }
  ]
}

